// Jest Snapshot v1, https://goo.gl/fbAQLP

exports[`should take a snapshot 1`] = `
<DocumentFragment>
  <div
    class="App"
  >
    <div
      class="container-wrap MuiBox-root css-0"
    >
      <h6
        class="MuiTypography-root MuiTypography-h6 css-2ulfj5-MuiTypography-root"
      >
        Add Book - New Book
      </h6>
      <div
        class="progress-bar-wrapper MuiBox-root css-0"
      >
        <div
          class="progress-circle MuiBox-root css-xz8h1c"
        >
          1
        </div>
        <div
          class="progress-bar MuiBox-root css-0"
        />
        <div
          class="progress-circle MuiBox-root css-1i1n3v"
        >
          2
        </div>
        <div
          class="progress-bar MuiBox-root css-0"
        />
        <div
          class="progress-circle MuiBox-root css-1i1n3v"
        >
          ...
        </div>
      </div>
      <div
        class="MuiBox-root css-13fedhi"
      >
        <div
          class="MuiGrid-root MuiGrid-container MuiGrid-spacing-xs-2 css-mhc70k-MuiGrid-root"
        >
          <div
            class="MuiGrid-root MuiGrid-item MuiGrid-grid-xs-4 MuiGrid-grid-md-2 css-1oktsdj-MuiGrid-root"
          >
            <button
              class="MuiButton-root MuiButton-text MuiButton-textPrimary MuiButton-sizeMedium MuiButton-textSizeMedium MuiButtonBase-root css-me2rnh-MuiButtonBase-root-MuiButton-root"
              tabindex="0"
              type="button"
            >
              Genre 1
              <span
                class="MuiTouchRipple-root css-8je8zh-MuiTouchRipple-root"
              />
            </button>
          </div>
          <div
            class="MuiGrid-root MuiGrid-item MuiGrid-grid-xs-4 MuiGrid-grid-md-2 css-1oktsdj-MuiGrid-root"
          >
            <button
              class="MuiButton-root MuiButton-text MuiButton-textPrimary MuiButton-sizeMedium MuiButton-textSizeMedium MuiButtonBase-root css-me2rnh-MuiButtonBase-root-MuiButton-root"
              tabindex="0"
              type="button"
            >
              Genre 2
              <span
                class="MuiTouchRipple-root css-8je8zh-MuiTouchRipple-root"
              />
            </button>
          </div>
          <div
            class="MuiGrid-root MuiGrid-item MuiGrid-grid-xs-4 MuiGrid-grid-md-2 css-1oktsdj-MuiGrid-root"
          >
            <button
              class="MuiButton-root MuiButton-text MuiButton-textPrimary MuiButton-sizeMedium MuiButton-textSizeMedium MuiButtonBase-root css-me2rnh-MuiButtonBase-root-MuiButton-root"
              tabindex="0"
              type="button"
            >
              Genre 3
              <span
                class="MuiTouchRipple-root css-8je8zh-MuiTouchRipple-root"
              />
            </button>
          </div>
          <div
            class="MuiGrid-root MuiGrid-item MuiGrid-grid-xs-4 MuiGrid-grid-md-2 css-1oktsdj-MuiGrid-root"
          >
            <button
              class="MuiButton-root MuiButton-text MuiButton-textPrimary MuiButton-sizeMedium MuiButton-textSizeMedium MuiButtonBase-root css-me2rnh-MuiButtonBase-root-MuiButton-root"
              tabindex="0"
              type="button"
            >
              Genre 4
              <span
                class="MuiTouchRipple-root css-8je8zh-MuiTouchRipple-root"
              />
            </button>
          </div>
          <div
            class="MuiGrid-root MuiGrid-item MuiGrid-grid-xs-4 MuiGrid-grid-md-2 css-1oktsdj-MuiGrid-root"
          >
            <button
              class="MuiButton-root MuiButton-text MuiButton-textPrimary MuiButton-sizeMedium MuiButton-textSizeMedium MuiButtonBase-root css-me2rnh-MuiButtonBase-root-MuiButton-root"
              tabindex="0"
              type="button"
            >
              Genre 5
              <span
                class="MuiTouchRipple-root css-8je8zh-MuiTouchRipple-root"
              />
            </button>
          </div>
        </div>
      </div>
      <div
        class="css-1m88j2z-MuiStack-root"
      >
        <button
          class="MuiButton-root MuiButton-outlined MuiButton-outlinedNeutral MuiButton-sizeMedium MuiButton-outlinedSizeMedium MuiButtonBase-root Mui-disabled  css-l90i8v-MuiButtonBase-root-MuiButton-root"
          disabled=""
          tabindex="-1"
          type="button"
        >
          <span
            class="MuiButton-startIcon MuiButton-iconSizeMedium css-1d6wzja-MuiButton-startIcon"
          >
            <svg
              aria-hidden="true"
              class="MuiSvgIcon-root MuiSvgIcon-fontSizeMedium css-i4bv87-MuiSvgIcon-root"
              data-testid="ArrowBackIosIcon"
              focusable="false"
              viewBox="0 0 24 24"
            >
              <path
                d="M11.67 3.87 9.9 2.1 0 12l9.9 9.9 1.77-1.77L3.54 12z"
              />
            </svg>
          </span>
          Back
        </button>
        <button
          class="MuiButton-root MuiButton-contained MuiButton-containedNeutral MuiButton-sizeMedium MuiButton-containedSizeMedium MuiButtonBase-root Mui-disabled  css-1tyn7aj-MuiButtonBase-root-MuiButton-root"
          disabled=""
          tabindex="-1"
          type="button"
        >
          Next
        </button>
      </div>
    </div>
  </div>
</DocumentFragment>
`;
